// Jest Snapshot v1, https://goo.gl/fbAQLP

exports[`Compare spooldd handler process method should compare two spooldd in terminal 1`] = `
Object {
  "apiResponse": Object {},
  "commandResponse": "compared string",
  "success": true,
}
`;
